// Jest Snapshot v1, https://goo.gl/fbAQLP

exports[`Splits text into lines 1`] = `4`;
